kotlin version: 2.0.21
error message: org.jetbrains.kotlin.backend.common.BackendException: Backend Internal error: Exception during IR lowering
File being compiled: /data/data/com.termux/files/home/xe-smallcap-extension/src/main/java/com/lunarenzo/smallcaps/SmallCapsInputManager.kt
The root cause java.lang.RuntimeException was thrown at: org.jetbrains.kotlin.backend.jvm.codegen.FunctionCodegen.generate(FunctionCodegen.kt:47)
	at org.jetbrains.kotlin.backend.common.CodegenUtil.reportBackendException(CodegenUtil.kt:253)
	at org.jetbrains.kotlin.backend.common.CodegenUtil.reportBackendException$default(CodegenUtil.kt:236)
	at org.jetbrains.kotlin.backend.common.phaser.PerformByIrFilePhase.invokeSequential(performByIrFile.kt:65)
	at org.jetbrains.kotlin.backend.common.phaser.PerformByIrFilePhase.invoke(performByIrFile.kt:52)
	at org.jetbrains.kotlin.backend.common.phaser.PerformByIrFilePhase.invoke(performByIrFile.kt:38)
	at org.jetbrains.kotlin.backend.common.phaser.NamedCompilerPhase.phaseBody(CompilerPhase.kt:166)
	at org.jetbrains.kotlin.backend.common.phaser.AbstractNamedCompilerPhase.invoke(CompilerPhase.kt:113)
	at org.jetbrains.kotlin.backend.common.phaser.CompositePhase.invoke(PhaseBuilders.kt:27)
	at org.jetbrains.kotlin.backend.common.phaser.CompositePhase.invoke(PhaseBuilders.kt:14)
	at org.jetbrains.kotlin.backend.common.phaser.NamedCompilerPhase.phaseBody(CompilerPhase.kt:166)
	at org.jetbrains.kotlin.backend.common.phaser.AbstractNamedCompilerPhase.invoke(CompilerPhase.kt:113)
	at org.jetbrains.kotlin.backend.common.phaser.CompilerPhaseKt.invokeToplevel(CompilerPhase.kt:62)
	at org.jetbrains.kotlin.backend.jvm.JvmIrCodegenFactory.invokeCodegen(JvmIrCodegenFactory.kt:371)
	at org.jetbrains.kotlin.codegen.CodegenFactory.generateModule(CodegenFactory.kt:47)
	at org.jetbrains.kotlin.backend.jvm.JvmIrCodegenFactory.generateModuleInFrontendIRMode(JvmIrCodegenFactory.kt:433)
	at org.jetbrains.kotlin.cli.jvm.compiler.pipeline.JvmCompilerPipelineKt.generateCodeFromIr(jvmCompilerPipeline.kt:246)
	at org.jetbrains.kotlin.cli.jvm.compiler.pipeline.JvmCompilerPipelineKt.compileModulesUsingFrontendIrAndLightTree(jvmCompilerPipeline.kt:142)
	at org.jetbrains.kotlin.cli.jvm.K2JVMCompiler.doExecute(K2JVMCompiler.kt:148)
	at org.jetbrains.kotlin.cli.jvm.K2JVMCompiler.doExecute(K2JVMCompiler.kt:43)
	at org.jetbrains.kotlin.cli.common.CLICompiler.execImpl(CLICompiler.kt:103)
	at org.jetbrains.kotlin.cli.common.CLICompiler.execImpl(CLICompiler.kt:49)
	at org.jetbrains.kotlin.cli.common.CLITool.exec(CLITool.kt:101)
	at org.jetbrains.kotlin.incremental.IncrementalJvmCompilerRunner.runCompiler(IncrementalJvmCompilerRunner.kt:464)
	at org.jetbrains.kotlin.incremental.IncrementalJvmCompilerRunner.runCompiler(IncrementalJvmCompilerRunner.kt:73)
	at org.jetbrains.kotlin.incremental.IncrementalCompilerRunner.doCompile(IncrementalCompilerRunner.kt:506)
	at org.jetbrains.kotlin.incremental.IncrementalCompilerRunner.compileImpl(IncrementalCompilerRunner.kt:423)
	at org.jetbrains.kotlin.incremental.IncrementalCompilerRunner.tryCompileIncrementally$lambda$9$compile(IncrementalCompilerRunner.kt:249)
	at org.jetbrains.kotlin.incremental.IncrementalCompilerRunner.tryCompileIncrementally(IncrementalCompilerRunner.kt:267)
	at org.jetbrains.kotlin.incremental.IncrementalCompilerRunner.compile(IncrementalCompilerRunner.kt:120)
	at org.jetbrains.kotlin.daemon.CompileServiceImplBase.execIncrementalCompiler(CompileServiceImpl.kt:675)
	at org.jetbrains.kotlin.daemon.CompileServiceImplBase.access$execIncrementalCompiler(CompileServiceImpl.kt:92)
	at org.jetbrains.kotlin.daemon.CompileServiceImpl.compile(CompileServiceImpl.kt:1660)
	at java.base/jdk.internal.reflect.DirectMethodHandleAccessor.invoke(DirectMethodHandleAccessor.java:103)
	at java.base/java.lang.reflect.Method.invoke(Method.java:580)
	at java.rmi/sun.rmi.server.UnicastServerRef.dispatch(UnicastServerRef.java:360)
	at java.rmi/sun.rmi.transport.Transport$1.run(Transport.java:200)
	at java.rmi/sun.rmi.transport.Transport$1.run(Transport.java:197)
	at java.base/java.security.AccessController.doPrivileged(AccessController.java:714)
	at java.rmi/sun.rmi.transport.Transport.serviceCall(Transport.java:196)
	at java.rmi/sun.rmi.transport.tcp.TCPTransport.handleMessages(TCPTransport.java:598)
	at java.rmi/sun.rmi.transport.tcp.TCPTransport$ConnectionHandler.run0(TCPTransport.java:844)
	at java.rmi/sun.rmi.transport.tcp.TCPTransport$ConnectionHandler.lambda$run$0(TCPTransport.java:721)
	at java.base/java.security.AccessController.doPrivileged(AccessController.java:400)
	at java.rmi/sun.rmi.transport.tcp.TCPTransport$ConnectionHandler.run(TCPTransport.java:720)
	at java.base/java.util.concurrent.ThreadPoolExecutor.runWorker(ThreadPoolExecutor.java:1144)
	at java.base/java.util.concurrent.ThreadPoolExecutor$Worker.run(ThreadPoolExecutor.java:642)
	at java.base/java.lang.Thread.run(Thread.java:1583)
Caused by: java.lang.RuntimeException: Exception while generating code for:
FUN name:initialize visibility:public modality:FINAL <> ($this:com.lunarenzo.smallcaps.SmallCapsInputManager) returnType:kotlin.Unit
  $this: VALUE_PARAMETER name:<this> type:com.lunarenzo.smallcaps.SmallCapsInputManager
  BLOCK_BODY
    WHEN type=kotlin.Unit origin=IF
      BRANCH
        if: CALL 'public final fun not (): kotlin.Boolean [operator] declared in kotlin.Boolean' type=kotlin.Boolean origin=EXCLEQ
          $this: CALL 'public final fun EQEQ (arg0: kotlin.Any?, arg1: kotlin.Any?): kotlin.Boolean declared in kotlin.internal.ir' type=kotlin.Boolean origin=EXCLEQ
            arg0: GET_FIELD 'FIELD PROPERTY_BACKING_FIELD name:eventSubscription type:com.rk.events.EventSubscription? visibility:private [static]' type=com.rk.events.EventSubscription? origin=null
            arg1: CONST Null type=kotlin.Nothing? value=null
        then: RETURN type=kotlin.Nothing from='public final fun initialize (): kotlin.Unit declared in com.lunarenzo.smallcaps.SmallCapsInputManager'
          GET_FIELD 'FIELD FIELD_FOR_OBJECT_INSTANCE name:INSTANCE type:kotlin.Unit visibility:public [final,static] declared in kotlin.Unit' type=kotlin.Unit origin=null
    BLOCK type=kotlin.Unit origin=null
      COMPOSITE type=kotlin.Unit origin=null
        GET_VAR '<this>: com.lunarenzo.smallcaps.SmallCapsInputManager declared in com.lunarenzo.smallcaps.SmallCapsInputManager.initialize' type=com.lunarenzo.smallcaps.SmallCapsInputManager origin=null
        COMPOSITE type=kotlin.Unit origin=null
      SET_FIELD 'FIELD PROPERTY_BACKING_FIELD name:eventSubscription type:com.rk.events.EventSubscription? visibility:private [static]' type=kotlin.Unit origin=null
        value: CALL 'public final fun subscribe <T> (listener: kotlin.coroutines.SuspendFunction1<T of com.rk.events.Events.subscribe, kotlin.Unit>): com.rk.events.EventSubscription [inline] declared in com.rk.events.Events' type=com.rk.events.EventSubscription origin=null
          <T>: com.rk.events.EditorEvent.InstanceCreated
          $this: TYPE_OP type=com.rk.events.Events origin=IMPLICIT_CAST typeOperand=com.rk.events.Events
            GET_FIELD 'FIELD FIELD_FOR_OBJECT_INSTANCE name:INSTANCE type:com.rk.events.Events visibility:public [final,static] declared in com.rk.events.Events' type=com.rk.events.Events origin=null
          listener: BLOCK type=com.lunarenzo.smallcaps.SmallCapsInputManager.initialize.<no name provided> origin=null
            CLASS SUSPEND_LAMBDA CLASS name:<no name provided> modality:FINAL visibility:public/*package*/ superTypes:[kotlin.coroutines.jvm.internal.SuspendLambda; kotlin.jvm.functions.Function2<com.rk.events.EditorEvent.InstanceCreated, kotlin.coroutines.Continuation<kotlin.Unit>?, kotlin.Any?>]
              $this: VALUE_PARAMETER INSTANCE_RECEIVER name:<this> type:com.lunarenzo.smallcaps.SmallCapsInputManager.initialize.<no name provided>
              FIELD name:label type:kotlin.Int visibility:public/*package*/
              FIELD FIELD_FOR_CAPTURED_VALUE name:L$0 type:kotlin.Any? visibility:public/*package*/
              CONSTRUCTOR SUSPEND_LAMBDA visibility:public/*package*/ <> ($completion:kotlin.coroutines.Continuation<com.lunarenzo.smallcaps.SmallCapsInputManager.initialize.<no name provided>>?) returnType:com.lunarenzo.smallcaps.SmallCapsInputManager.initialize.<no name provided> [primary]
                VALUE_PARAMETER name:$completion index:0 type:kotlin.coroutines.Continuation<com.lunarenzo.smallcaps.SmallCapsInputManager.initialize.<no name provided>>?
                BLOCK_BODY
                  DELEGATING_CONSTRUCTOR_CALL 'public constructor <init> (arity: kotlin.Int, $completion: kotlin.coroutines.Continuation<kotlin.Any?>?) declared in kotlin.coroutines.jvm.internal.SuspendLambda'
                    arity: CONST Int type=kotlin.Int value=2
                    $completion: GET_VAR '$completion: kotlin.coroutines.Continuation<com.lunarenzo.smallcaps.SmallCapsInputManager.initialize.<no name provided>>? declared in com.lunarenzo.smallcaps.SmallCapsInputManager.initialize.<no name provided>.<init>' type=kotlin.coroutines.Continuation<com.lunarenzo.smallcaps.SmallCapsInputManager.initialize.<no name provided>>? origin=null
                  BLOCK type=kotlin.Unit origin=null
              FUN name:invokeSuspend visibility:public modality:FINAL <> ($this:com.lunarenzo.smallcaps.SmallCapsInputManager.initialize.<no name provided>, $result:kotlin.Result<kotlin.Any?>) returnType:kotlin.Any?
                overridden:
                  protected abstract fun invokeSuspend ($result: kotlin.Result<kotlin.Any?>): kotlin.Any? declared in kotlin.coroutines.jvm.internal.SuspendLambda
                $this: VALUE_PARAMETER INSTANCE_RECEIVER name:<this> type:com.lunarenzo.smallcaps.SmallCapsInputManager.initialize.<no name provided>
                VALUE_PARAMETER name:$result index:0 type:kotlin.Result<kotlin.Any?>
                BLOCK_BODY
                  VAR name:event type:com.rk.events.EditorEvent.InstanceCreated [val]
                    BLOCK type=com.rk.events.EditorEvent.InstanceCreated origin=null
                      GET_FIELD 'FIELD FIELD_FOR_CAPTURED_VALUE name:L$0 type:kotlin.Any? visibility:public/*package*/ declared in com.lunarenzo.smallcaps.SmallCapsInputManager.initialize.<no name provided>' type=com.rk.events.EditorEvent.InstanceCreated origin=null
                        receiver: GET_VAR '<this>: com.lunarenzo.smallcaps.SmallCapsInputManager.initialize.<no name provided> declared in com.lunarenzo.smallcaps.SmallCapsInputManager.initialize.<no name provided>.invokeSuspend' type=com.lunarenzo.smallcaps.SmallCapsInputManager.initialize.<no name provided> origin=null
                  CALL 'public final fun attachToEditor (editor: com.rk.editor.Editor?): kotlin.Unit declared in com.lunarenzo.smallcaps.SmallCapsInputManager' type=kotlin.Unit origin=null
                    $this: GET_FIELD 'FIELD FIELD_FOR_OBJECT_INSTANCE name:INSTANCE type:com.lunarenzo.smallcaps.SmallCapsInputManager visibility:public [final,static] declared in com.lunarenzo.smallcaps.SmallCapsInputManager' type=com.lunarenzo.smallcaps.SmallCapsInputManager origin=null
                    editor: CALL 'public final fun <get-editor> (): com.rk.editor.Editor declared in com.rk.events.EditorEvent.InstanceCreated' type=com.rk.editor.Editor origin=GET_PROPERTY
                      $this: GET_VAR 'val event: com.rk.events.EditorEvent.InstanceCreated [val] declared in com.lunarenzo.smallcaps.SmallCapsInputManager.initialize.<no name provided>.invokeSuspend' type=com.rk.events.EditorEvent.InstanceCreated origin=null
              FUN name:create visibility:public modality:FINAL <> ($this:com.lunarenzo.smallcaps.SmallCapsInputManager.initialize.<no name provided>, value:kotlin.Any?, $completion:kotlin.coroutines.Continuation<kotlin.Nothing>) returnType:kotlin.coroutines.Continuation<kotlin.Unit>
                overridden:
                  public open fun create (value: kotlin.Any?, $completion: kotlin.coroutines.Continuation<kotlin.Nothing>): kotlin.coroutines.Continuation<kotlin.Unit> declared in kotlin.coroutines.jvm.internal.SuspendLambda
                $this: VALUE_PARAMETER INSTANCE_RECEIVER name:<this> type:com.lunarenzo.smallcaps.SmallCapsInputManager.initialize.<no name provided>
                VALUE_PARAMETER name:value index:0 type:kotlin.Any?
                VALUE_PARAMETER name:$completion index:1 type:kotlin.coroutines.Continuation<kotlin.Nothing>
                BLOCK_BODY
                  VAR IR_TEMPORARY_VARIABLE name:tmp0_result type:com.lunarenzo.smallcaps.SmallCapsInputManager.initialize.<no name provided> [val]
                    CONSTRUCTOR_CALL 'public/*package*/ constructor <init> ($completion: kotlin.coroutines.Continuation<com.lunarenzo.smallcaps.SmallCapsInputManager.initialize.<no name provided>>?) [primary] declared in com.lunarenzo.smallcaps.SmallCapsInputManager.initialize.<no name provided>' type=com.lunarenzo.smallcaps.SmallCapsInputManager.initialize.<no name provided> origin=null
                      $completion: GET_VAR '$completion: kotlin.coroutines.Continuation<kotlin.Nothing> declared in com.lunarenzo.smallcaps.SmallCapsInputManager.initialize.<no name provided>.create' type=kotlin.coroutines.Continuation<kotlin.Nothing> origin=null
                  SET_FIELD 'FIELD FIELD_FOR_CAPTURED_VALUE name:L$0 type:kotlin.Any? visibility:public/*package*/ declared in com.lunarenzo.smallcaps.SmallCapsInputManager.initialize.<no name provided>' type=kotlin.Unit origin=null
                    receiver: GET_VAR 'val tmp0_result: com.lunarenzo.smallcaps.SmallCapsInputManager.initialize.<no name provided> [val] declared in com.lunarenzo.smallcaps.SmallCapsInputManager.initialize.<no name provided>.create' type=com.lunarenzo.smallcaps.SmallCapsInputManager.initialize.<no name provided> origin=null
                    value: GET_VAR 'value: kotlin.Any? declared in com.lunarenzo.smallcaps.SmallCapsInputManager.initialize.<no name provided>.create' type=kotlin.Any? origin=null
                  RETURN type=kotlin.Nothing from='public final fun create (value: kotlin.Any?, $completion: kotlin.coroutines.Continuation<kotlin.Nothing>): kotlin.coroutines.Continuation<kotlin.Unit> declared in com.lunarenzo.smallcaps.SmallCapsInputManager.initialize.<no name provided>'
                    GET_VAR 'val tmp0_result: com.lunarenzo.smallcaps.SmallCapsInputManager.initialize.<no name provided> [val] declared in com.lunarenzo.smallcaps.SmallCapsInputManager.initialize.<no name provided>.create' type=com.lunarenzo.smallcaps.SmallCapsInputManager.initialize.<no name provided> origin=null
              FUN name:invoke visibility:public modality:FINAL <> ($this:com.lunarenzo.smallcaps.SmallCapsInputManager.initialize.<no name provided>, p1:com.rk.events.EditorEvent.InstanceCreated, p2:kotlin.coroutines.Continuation<kotlin.Unit>?) returnType:kotlin.Any?
                overridden:
                  public abstract fun invoke (p1: P1 of kotlin.jvm.functions.Function2, p2: P2 of kotlin.jvm.functions.Function2): R of kotlin.jvm.functions.Function2 declared in kotlin.jvm.functions.Function2
                $this: VALUE_PARAMETER INSTANCE_RECEIVER name:<this> type:com.lunarenzo.smallcaps.SmallCapsInputManager.initialize.<no name provided>
                VALUE_PARAMETER name:p1 index:0 type:com.rk.events.EditorEvent.InstanceCreated
                VALUE_PARAMETER name:p2 index:1 type:kotlin.coroutines.Continuation<kotlin.Unit>?
                BLOCK_BODY
                  RETURN type=kotlin.Nothing from='public final fun invoke (p1: com.rk.events.EditorEvent.InstanceCreated, p2: kotlin.coroutines.Continuation<kotlin.Unit>?): kotlin.Any? declared in com.lunarenzo.smallcaps.SmallCapsInputManager.initialize.<no name provided>'
                    CALL 'public final fun invokeSuspend ($result: kotlin.Result<kotlin.Any?>): kotlin.Any? declared in com.lunarenzo.smallcaps.SmallCapsInputManager.initialize.<no name provided>' type=kotlin.Any? origin=null
                      $this: TYPE_OP type=com.lunarenzo.smallcaps.SmallCapsInputManager.initialize.<no name provided> origin=IMPLICIT_CAST typeOperand=com.lunarenzo.smallcaps.SmallCapsInputManager.initialize.<no name provided>
                        CALL 'public final fun create (value: kotlin.Any?, $completion: kotlin.coroutines.Continuation<kotlin.Nothing>): kotlin.coroutines.Continuation<kotlin.Unit> declared in com.lunarenzo.smallcaps.SmallCapsInputManager.initialize.<no name provided>' type=kotlin.coroutines.Continuation<kotlin.Unit> origin=null
                          $this: GET_VAR '<this>: com.lunarenzo.smallcaps.SmallCapsInputManager.initialize.<no name provided> declared in com.lunarenzo.smallcaps.SmallCapsInputManager.initialize.<no name provided>.invoke' type=com.lunarenzo.smallcaps.SmallCapsInputManager.initialize.<no name provided> origin=null
                          value: GET_VAR 'p1: com.rk.events.EditorEvent.InstanceCreated declared in com.lunarenzo.smallcaps.SmallCapsInputManager.initialize.<no name provided>.invoke' type=com.rk.events.EditorEvent.InstanceCreated origin=null
                          $completion: GET_VAR 'p2: kotlin.coroutines.Continuation<kotlin.Unit>? declared in com.lunarenzo.smallcaps.SmallCapsInputManager.initialize.<no name provided>.invoke' type=kotlin.coroutines.Continuation<kotlin.Unit>? origin=null
                      $result: CALL 'public final fun <unsafe-coerce> <T, R> (v: T of kotlin.jvm.internal.<unsafe-coerce>): R of kotlin.jvm.internal.<unsafe-coerce> declared in kotlin.jvm.internal' type=kotlin.Result<kotlin.Any?> origin=null
                        <T>: kotlin.Any?
                        <R>: kotlin.Result<kotlin.Any?>
                        v: GET_FIELD 'FIELD FIELD_FOR_OBJECT_INSTANCE name:INSTANCE type:kotlin.Unit visibility:public [final,static] declared in kotlin.Unit' type=kotlin.Unit origin=null
              FUN BRIDGE name:invoke visibility:public modality:OPEN <> ($this:com.lunarenzo.smallcaps.SmallCapsInputManager.initialize.<no name provided>, p1:kotlin.Any?, p2:kotlin.Any?) returnType:kotlin.Any?
                $this: VALUE_PARAMETER INSTANCE_RECEIVER name:<this> type:com.lunarenzo.smallcaps.SmallCapsInputManager.initialize.<no name provided>
                VALUE_PARAMETER BRIDGE name:p1 index:0 type:kotlin.Any?
                VALUE_PARAMETER BRIDGE name:p2 index:1 type:kotlin.Any?
                EXPRESSION_BODY
                  RETURN type=kotlin.Nothing from='public open fun invoke (p1: kotlin.Any?, p2: kotlin.Any?): kotlin.Any? declared in com.lunarenzo.smallcaps.SmallCapsInputManager.initialize.<no name provided>'
                    CALL 'public final fun invoke (p1: com.rk.events.EditorEvent.InstanceCreated, p2: kotlin.coroutines.Continuation<kotlin.Unit>?): kotlin.Any? declared in com.lunarenzo.smallcaps.SmallCapsInputManager.initialize.<no name provided>' type=kotlin.Any? origin=BRIDGE_DELEGATION
                      $this: GET_VAR '<this>: com.lunarenzo.smallcaps.SmallCapsInputManager.initialize.<no name provided> declared in com.lunarenzo.smallcaps.SmallCapsInputManager.initialize.<no name provided>.invoke' type=com.lunarenzo.smallcaps.SmallCapsInputManager.initialize.<no name provided> origin=null
                      p1: TYPE_OP type=com.rk.events.EditorEvent.InstanceCreated origin=IMPLICIT_CAST typeOperand=com.rk.events.EditorEvent.InstanceCreated
                        GET_VAR 'p1: kotlin.Any? declared in com.lunarenzo.smallcaps.SmallCapsInputManager.initialize.<no name provided>.invoke' type=kotlin.Any? origin=null
                      p2: TYPE_OP type=kotlin.coroutines.Continuation<*> origin=IMPLICIT_CAST typeOperand=kotlin.coroutines.Continuation<*>
                        GET_VAR 'p2: kotlin.Any? declared in com.lunarenzo.smallcaps.SmallCapsInputManager.initialize.<no name provided>.invoke' type=kotlin.Any? origin=null
            CONSTRUCTOR_CALL 'public/*package*/ constructor <init> ($completion: kotlin.coroutines.Continuation<com.lunarenzo.smallcaps.SmallCapsInputManager.initialize.<no name provided>>?) [primary] declared in com.lunarenzo.smallcaps.SmallCapsInputManager.initialize.<no name provided>' type=com.lunarenzo.smallcaps.SmallCapsInputManager.initialize.<no name provided> origin=null
              $completion: CONST Null type=kotlin.Nothing? value=null

	at org.jetbrains.kotlin.backend.jvm.codegen.FunctionCodegen.generate(FunctionCodegen.kt:47)
	at org.jetbrains.kotlin.backend.jvm.codegen.FunctionCodegen.generate$default(FunctionCodegen.kt:40)
	at org.jetbrains.kotlin.backend.jvm.codegen.ClassCodegen.generateMethodNode(ClassCodegen.kt:406)
	at org.jetbrains.kotlin.backend.jvm.codegen.ClassCodegen.generateMethod(ClassCodegen.kt:423)
	at org.jetbrains.kotlin.backend.jvm.codegen.ClassCodegen.generate(ClassCodegen.kt:168)
	at org.jetbrains.kotlin.backend.jvm.FileCodegen.lower(JvmPhases.kt:39)
	at org.jetbrains.kotlin.backend.common.phaser.PhaseFactoriesKt.createFilePhase$lambda$4(PhaseFactories.kt:71)
	at org.jetbrains.kotlin.backend.common.phaser.PhaseBuildersKt$createSimpleNamedCompilerPhase$1.phaseBody(PhaseBuilders.kt:69)
	at org.jetbrains.kotlin.backend.common.phaser.SimpleNamedCompilerPhase.phaseBody(CompilerPhase.kt:226)
	at org.jetbrains.kotlin.backend.common.phaser.AbstractNamedCompilerPhase.invoke(CompilerPhase.kt:113)
	at org.jetbrains.kotlin.backend.common.phaser.PerformByIrFilePhase.invokeSequential(performByIrFile.kt:62)
	... 44 more
Caused by: org.jetbrains.kotlin.codegen.CompilationException: Back-end (JVM) Internal error: Couldn't inline method call: CALL 'public final fun subscribe <T> (listener: kotlin.coroutines.SuspendFunction1<T of com.rk.events.Events.subscribe, kotlin.Unit>): com.rk.events.EventSubscription [inline] declared in com.rk.events.Events' type=com.rk.events.EventSubscription origin=null
Method: null
File is unknown
The root cause java.nio.file.NoSuchFileException was thrown at: java.base/sun.nio.fs.UnixException.translateToIOException(UnixException.java:92)
	at org.jetbrains.kotlin.codegen.inline.InlineCodegen.performInline(InlineCodegen.kt:65)
	at org.jetbrains.kotlin.backend.jvm.codegen.IrInlineCodegen.genInlineCall(IrInlineCodegen.kt:163)
	at org.jetbrains.kotlin.backend.jvm.codegen.IrInlineCallGenerator.genCall(IrInlineCallGenerator.kt:36)
	at org.jetbrains.kotlin.backend.jvm.codegen.ExpressionCodegen.visitCall(ExpressionCodegen.kt:653)
	at org.jetbrains.kotlin.backend.jvm.codegen.ExpressionCodegen.visitCall(ExpressionCodegen.kt:138)
	at org.jetbrains.kotlin.ir.expressions.IrCall.accept(IrCall.kt:24)
	at org.jetbrains.kotlin.backend.jvm.codegen.ExpressionCodegen.visitFieldAccess(ExpressionCodegen.kt:878)
	at org.jetbrains.kotlin.backend.jvm.codegen.ExpressionCodegen.visitFieldAccess(ExpressionCodegen.kt:138)
	at org.jetbrains.kotlin.ir.visitors.IrElementVisitor$DefaultImpls.visitSetField(IrElementVisitor.kt:206)
	at org.jetbrains.kotlin.backend.jvm.codegen.ExpressionCodegen.visitSetField(ExpressionCodegen.kt:908)
	at org.jetbrains.kotlin.backend.jvm.codegen.ExpressionCodegen.visitSetField(ExpressionCodegen.kt:138)
	at org.jetbrains.kotlin.ir.expressions.IrSetField.accept(IrSetField.kt:21)
	at org.jetbrains.kotlin.backend.jvm.codegen.ExpressionCodegen.visitStatementContainer(ExpressionCodegen.kt:579)
	at org.jetbrains.kotlin.backend.jvm.codegen.ExpressionCodegen.visitContainerExpression(ExpressionCodegen.kt:593)
	at org.jetbrains.kotlin.backend.jvm.codegen.ExpressionCodegen.visitContainerExpression(ExpressionCodegen.kt:138)
	at org.jetbrains.kotlin.ir.visitors.IrElementVisitor$DefaultImpls.visitBlock(IrElementVisitor.kt:122)
	at org.jetbrains.kotlin.backend.jvm.codegen.ExpressionCodegen.visitBlock(ExpressionCodegen.kt:413)
	at org.jetbrains.kotlin.backend.jvm.codegen.ExpressionCodegen.visitBlock(ExpressionCodegen.kt:138)
	at org.jetbrains.kotlin.ir.expressions.IrBlock.accept(IrBlock.kt:18)
	at org.jetbrains.kotlin.backend.jvm.codegen.ExpressionCodegen.visitStatementContainer(ExpressionCodegen.kt:579)
	at org.jetbrains.kotlin.backend.jvm.codegen.ExpressionCodegen.visitBlockBody(ExpressionCodegen.kt:584)
	at org.jetbrains.kotlin.backend.jvm.codegen.ExpressionCodegen.visitBlockBody(ExpressionCodegen.kt:138)
	at org.jetbrains.kotlin.ir.expressions.IrBlockBody.accept(IrBlockBody.kt:20)
	at org.jetbrains.kotlin.backend.jvm.codegen.ExpressionCodegen.generate(ExpressionCodegen.kt:240)
	at org.jetbrains.kotlin.backend.jvm.codegen.FunctionCodegen.doGenerate(FunctionCodegen.kt:123)
	at org.jetbrains.kotlin.backend.jvm.codegen.FunctionCodegen.generate(FunctionCodegen.kt:44)
	... 54 more
Caused by: java.nio.file.NoSuchFileException: /data/data/com.termux/files/home/xe-smallcap-extension/build/classes/kotlin/main/com/rk/events/Events.class
	at java.base/sun.nio.fs.UnixException.translateToIOException(UnixException.java:92)
	at java.base/sun.nio.fs.UnixException.rethrowAsIOException(UnixException.java:106)
	at java.base/sun.nio.fs.UnixException.rethrowAsIOException(UnixException.java:111)
	at java.base/sun.nio.fs.UnixFileSystemProvider.newByteChannel(UnixFileSystemProvider.java:261)
	at java.base/java.nio.file.Files.newByteChannel(Files.java:380)
	at java.base/java.nio.file.Files.newByteChannel(Files.java:432)
	at java.base/java.nio.file.Files.readAllBytes(Files.java:3281)
	at org.jetbrains.kotlin.com.intellij.openapi.vfs.local.CoreLocalVirtualFile.contentsToByteArray(CoreLocalVirtualFile.java:148)
	at org.jetbrains.kotlin.codegen.inline.SourceCompilerForInlineKt.loadCompiledInlineFunction(SourceCompilerForInline.kt:93)
	at org.jetbrains.kotlin.backend.jvm.codegen.IrSourceCompilerForInline.compileInlineFunction(IrSourceCompilerForInline.kt:91)
	at org.jetbrains.kotlin.codegen.inline.InlineCodegen.compileInline(InlineCodegen.kt:43)
	at org.jetbrains.kotlin.codegen.inline.InlineCodegen.performInline(InlineCodegen.kt:51)
	... 79 more


error message: Daemon compilation failed: null
java.lang.Exception
	at org.jetbrains.kotlin.daemon.common.CompileService$CallResult$Error.get(CompileService.kt:69)
	at org.jetbrains.kotlin.daemon.common.CompileService$CallResult$Error.get(CompileService.kt:65)
	at org.jetbrains.kotlin.compilerRunner.GradleKotlinCompilerWork.compileWithDaemon(GradleKotlinCompilerWork.kt:240)
	at org.jetbrains.kotlin.compilerRunner.GradleKotlinCompilerWork.compileWithDaemonOrFallbackImpl(GradleKotlinCompilerWork.kt:159)
	at org.jetbrains.kotlin.compilerRunner.GradleKotlinCompilerWork.run(GradleKotlinCompilerWork.kt:111)
	at org.jetbrains.kotlin.compilerRunner.GradleCompilerRunnerWithWorkers$GradleKotlinCompilerWorkAction.execute(GradleCompilerRunnerWithWorkers.kt:76)
	at org.gradle.workers.internal.DefaultWorkerServer.execute(DefaultWorkerServer.java:68)
	at org.gradle.workers.internal.NoIsolationWorkerFactory$1$1.create(NoIsolationWorkerFactory.java:64)
	at org.gradle.workers.internal.NoIsolationWorkerFactory$1$1.create(NoIsolationWorkerFactory.java:61)
	at org.gradle.internal.classloader.ClassLoaderUtils.executeInClassloader(ClassLoaderUtils.java:103)
	at org.gradle.workers.internal.NoIsolationWorkerFactory$1.lambda$execute$0(NoIsolationWorkerFactory.java:61)
	at org.gradle.workers.internal.AbstractWorker$1.call(AbstractWorker.java:44)
	at org.gradle.workers.internal.AbstractWorker$1.call(AbstractWorker.java:41)
	at org.gradle.internal.operations.DefaultBuildOperationRunner$CallableBuildOperationWorker.execute(DefaultBuildOperationRunner.java:210)
	at org.gradle.internal.operations.DefaultBuildOperationRunner$CallableBuildOperationWorker.execute(DefaultBuildOperationRunner.java:205)
	at org.gradle.internal.operations.DefaultBuildOperationRunner$2.execute(DefaultBuildOperationRunner.java:67)
	at org.gradle.internal.operations.DefaultBuildOperationRunner$2.execute(DefaultBuildOperationRunner.java:60)
	at org.gradle.internal.operations.DefaultBuildOperationRunner.execute(DefaultBuildOperationRunner.java:167)
	at org.gradle.internal.operations.DefaultBuildOperationRunner.execute(DefaultBuildOperationRunner.java:60)
	at org.gradle.internal.operations.DefaultBuildOperationRunner.call(DefaultBuildOperationRunner.java:54)
	at org.gradle.workers.internal.AbstractWorker.executeWrappedInBuildOperation(AbstractWorker.java:41)
	at org.gradle.workers.internal.NoIsolationWorkerFactory$1.execute(NoIsolationWorkerFactory.java:58)
	at org.gradle.workers.internal.DefaultWorkerExecutor.lambda$submitWork$1(DefaultWorkerExecutor.java:169)
	at java.base/java.util.concurrent.FutureTask.run(FutureTask.java:317)
	at org.gradle.internal.work.DefaultConditionalExecutionQueue$ExecutionRunner.runExecution(DefaultConditionalExecutionQueue.java:191)
	at org.gradle.internal.work.DefaultConditionalExecutionQueue$ExecutionRunner.access$600(DefaultConditionalExecutionQueue.java:112)
	at org.gradle.internal.work.DefaultConditionalExecutionQueue$ExecutionRunner$1.run(DefaultConditionalExecutionQueue.java:168)
	at org.gradle.internal.Factories$1.create(Factories.java:30)
	at org.gradle.internal.work.DefaultWorkerLeaseService.lambda$runAndReleaseLocks$0(DefaultWorkerLeaseService.java:302)
	at org.gradle.internal.work.ResourceLockStatistics$1.measure(ResourceLockStatistics.java:43)
	at org.gradle.internal.work.DefaultWorkerLeaseService.runAndReleaseLocks(DefaultWorkerLeaseService.java:300)
	at org.gradle.internal.work.DefaultWorkerLeaseService.withLocksAcquired(DefaultWorkerLeaseService.java:296)
	at org.gradle.internal.work.DefaultWorkerLeaseService.withLocks(DefaultWorkerLeaseService.java:288)
	at org.gradle.internal.work.DefaultWorkerLeaseService.runAsWorkerThread(DefaultWorkerLeaseService.java:131)
	at org.gradle.internal.work.DefaultWorkerLeaseService.runAsWorkerThread(DefaultWorkerLeaseService.java:137)
	at org.gradle.internal.work.DefaultConditionalExecutionQueue$ExecutionRunner.runBatch(DefaultConditionalExecutionQueue.java:163)
	at org.gradle.internal.work.DefaultConditionalExecutionQueue$ExecutionRunner.run(DefaultConditionalExecutionQueue.java:125)
	at java.base/java.util.concurrent.Executors$RunnableAdapter.call(Executors.java:572)
	at java.base/java.util.concurrent.FutureTask.run(FutureTask.java:317)
	at org.gradle.internal.concurrent.ExecutorPolicy$CatchAndRecordFailures.onExecute(ExecutorPolicy.java:65)
	at org.gradle.internal.concurrent.AbstractManagedExecutor$1.run(AbstractManagedExecutor.java:47)
	at java.base/java.util.concurrent.ThreadPoolExecutor.runWorker(ThreadPoolExecutor.java:1144)
	at java.base/java.util.concurrent.ThreadPoolExecutor$Worker.run(ThreadPoolExecutor.java:642)
	at java.base/java.lang.Thread.run(Thread.java:1583)
Caused by: java.nio.file.NoSuchFileException: /data/data/com.termux/files/usr/tmp/kotlin-backups11225531665504838565/0.backup -> /data/data/com.termux/files/home/xe-smallcap-extension/build/classes/kotlin/main/com/lunarenzo/smallcaps/SmallCapsInputManager.class
	at java.base/sun.nio.fs.UnixException.translateToIOException(UnixException.java:92)
	at java.base/sun.nio.fs.UnixException.rethrowAsIOException(UnixException.java:106)
	at java.base/sun.nio.fs.UnixFileSystem.move(UnixFileSystem.java:948)
	at java.base/sun.nio.fs.UnixFileSystemProvider.move(UnixFileSystemProvider.java:309)
	at java.base/java.nio.file.Files.move(Files.java:1431)
	at org.jetbrains.kotlin.incremental.RecoverableCompilationTransaction.revertChanges(CompilationTransaction.kt:231)
	at org.jetbrains.kotlin.incremental.RecoverableCompilationTransaction.close(CompilationTransaction.kt:256)
	at org.jetbrains.kotlin.incremental.IncrementalCompilerRunner.tryCompileIncrementally(IncrementalCompilerRunner.kt:747)
	at org.jetbrains.kotlin.incremental.IncrementalCompilerRunner.compile(IncrementalCompilerRunner.kt:120)
	at org.jetbrains.kotlin.daemon.CompileServiceImplBase.execIncrementalCompiler(CompileServiceImpl.kt:675)
	at org.jetbrains.kotlin.daemon.CompileServiceImplBase.access$execIncrementalCompiler(CompileServiceImpl.kt:92)
	at org.jetbrains.kotlin.daemon.CompileServiceImpl.compile(CompileServiceImpl.kt:1660)
	at java.base/jdk.internal.reflect.DirectMethodHandleAccessor.invoke(DirectMethodHandleAccessor.java:103)
	at java.base/java.lang.reflect.Method.invoke(Method.java:580)
	at java.rmi/sun.rmi.server.UnicastServerRef.dispatch(UnicastServerRef.java:360)
	at java.rmi/sun.rmi.transport.Transport$1.run(Transport.java:200)
	at java.rmi/sun.rmi.transport.Transport$1.run(Transport.java:197)
	at java.base/java.security.AccessController.doPrivileged(AccessController.java:714)
	at java.rmi/sun.rmi.transport.Transport.serviceCall(Transport.java:196)
	at java.rmi/sun.rmi.transport.tcp.TCPTransport.handleMessages(TCPTransport.java:598)
	at java.rmi/sun.rmi.transport.tcp.TCPTransport$ConnectionHandler.run0(TCPTransport.java:844)
	at java.rmi/sun.rmi.transport.tcp.TCPTransport$ConnectionHandler.lambda$run$0(TCPTransport.java:721)
	at java.base/java.security.AccessController.doPrivileged(AccessController.java:400)
	at java.rmi/sun.rmi.transport.tcp.TCPTransport$ConnectionHandler.run(TCPTransport.java:720)
	... 3 more


